<?xml version="1.0" encoding="utf-8" standalone="yes"?><rss version="2.0" xmlns:atom="http://www.w3.org/2005/Atom"><channel><title>mount on</title><link>https://cch0124.github.io/tags/mount/</link><description>Recent content in mount on</description><generator>Hugo -- gohugo.io</generator><language>en-us</language><lastBuildDate>Sat, 15 Sep 2018 00:00:00 +0000</lastBuildDate><atom:link href="https://cch0124.github.io/tags/mount/index.xml" rel="self" type="application/rss+xml"/><item><title>掛載硬碟</title><link>https://cch0124.github.io/blog/2018-09-15-disk-mount/</link><pubDate>Sat, 15 Sep 2018 00:00:00 +0000</pubDate><guid>https://cch0124.github.io/blog/2018-09-15-disk-mount/</guid><description>事由 那年是我剛進實驗室的第 2 個月，因為我對 linux 系統較熟，所以我接了管理的這一部分。沒想到此系統沒幾天後硬碟竟然壞了，於是我呼叫我朋友幫我處裡硬碟部分（硬碟還原），我負責掛載。
分割區切割 Linux 的分割區有 90 多種，但實際只會用到四種，數字表分割代碼
Linux swap（82） 虛擬記憶體 Linux（83） 適和使用分割區 Extended（5） 要劃分四個分割區以上，必須使用 Linux LVM（8e） LVM 分割區 新增硬碟至 ubuntu 檢查第二顆是否有偵測到
$ dmesg |grep hd 再次確認
$ sudo fdisk -l /dev/sdb # 確認硬碟分割區狀態 [sudo] password for itachi: Disk /dev/sdb: 2000.4 GB, 2000398934016 bytes 255 heads, 63 sectors/track, 243201 cylinders, total 3907029168 sectors Units = sectors of 1 * 512 = 512 bytes Sector size (logical/physical): 512 bytes / 4096 bytes I/O size (minimum/optimal): 4096 bytes / 4096 bytes Disk identifier: 0x00000000 Disk /dev/sdb doesn&amp;#39;t contain a valid partition table 接著開始分割 進入 fdisk</description></item></channel></rss>